<html>
<body>
<pre>
<h1>µVision Build Log</h1>
<h2>Tool Versions:</h2>
IDE-Version: µVision V5.25.2.0
Copyright (C) 2018 ARM Ltd and ARM Germany GmbH. All rights reserved.
License Information: Bang Tran Nam Bang, UIT, LIC=LSN01-C1ILF-WFWI7-ETBVK-HWEZW-YW22S
 
Tool Versions:
Toolchain:       MDK-ARM Plus  Version: 5.25.2.0
Toolchain Path:  C:\Keil_v5\ARM\ARMCC\Bin
C Compiler:      Armcc.exe V5.06 update 6 (build 750)
Assembler:       Armasm.exe V5.06 update 6 (build 750)
Linker/Locator:  ArmLink.exe V5.06 update 6 (build 750)
Library Manager: ArmAr.exe V5.06 update 6 (build 750)
Hex Converter:   FromElf.exe V5.06 update 6 (build 750)
CPU DLL:         SARMCM3.DLL V5.25.2.0
Dialog DLL:      DARMCM1.DLL V1.19.1.0
Target DLL:      Nu_Link.dll V2.00
Dialog DLL:      TARMCM1.DLL V1.14.0.0
 
<h2>Project:</h2>
E:\github.com\NamBang\PirateKing\Bang\NUC131BSP-master\Code\StdDriver\UART_TxRx_Function\KEIL\UART_TxRx_Function.uvproj
Project File Date:  11/02/2018

<h2>Output:</h2>
*** Using Compiler 'V5.06 update 6 (build 750)', folder: 'C:\Keil_v5\ARM\ARMCC\Bin'
Rebuild target 'UART_TxRx_Function'
creating preprocessor file for system_NUC131.c...
creating preprocessor file for main.c...
assembling startup_NUC131.s...
creating preprocessor file for clk.c...
compiling system_NUC131.c...
creating preprocessor file for retarget.c...
compiling main.c...
creating preprocessor file for sys.c...
compiling clk.c...
creating preprocessor file for uart.c...
compiling retarget.c...
compiling sys.c...
creating preprocessor file for gpio.c...
creating preprocessor file for DrvGPIO.c...
compiling uart.c...
compiling gpio.c...
compiling DrvGPIO.c...
linking...
Program Size: Code=3544 RO-data=324 RW-data=68 ZI-data=2052  
After Build - User command #1: fromelf --bin ".\obj\UART_TxRxFunction.axf" --output ".\obj\UART_TxRxFunction.bin"
After Build - User command #2: fromelf --text -c ".\obj\UART_TxRxFunction.axf" --output ".\obj\UART_TxRxFunction.txt"
".\obj\UART_TxRxFunction.axf" - 0 Error(s), 0 Warning(s).
Build Time Elapsed:  00:00:03
</pre>
</body>
</html>
